<UIView; frame = (0 0; 393 852); autoresize = W+H; backgroundColor = UIExtendedGrayColorSpace 1 1; layer = <CALayer>>
   | <UIImageView; frame = (0 0; 393 852); clipsToBounds = YES; opaque = NO; autoresize = RM+BM; userInteractionEnabled = NO; layer = <CALayer>>
   | <UIButton; frame = (136.667 686; 120 120); opaque = NO; autoresize = RM+BM; layer = <CALayer>>
   |    | <UIImageView; frame = (0 0; 120 120); clipsToBounds = YES; opaque = NO; userInteractionEnabled = NO; layer = <CALayer>>